#  PERSON                      KEY                      SESSIONS  ROLES  ACCOUNTS  LAST SEEN
1  Alice Example               email#alice@example.com        12      3         2  2026-07-24T10:00:00Z
2  idc#d-1234567890#abcd-ef01  idc#…#abcd-ef01                 4      1         1  2026-07-23T09:00:00Z
