Alice Example
PID:              5nmamaaeshnhs6xu
Person Key:       email#alice@example.com
Resolution Tier:  Identity Center
Primary Email:    alice@example.com
Email Aliases:    a.smith@example.com
First Seen:       2026-07-01T08:00:00Z [23d ago]
Last Seen:        2026-07-24T09:45:00Z [2h ago]
Events:           120
Sessions:         4
Accounts:         1
Roles:            2
Services:         3
Resources:        5
Denied Events:    3

⊘ Denied Events (calls AWS rejected):
  EVENT                          DENIED
  iam.amazonaws.com:CreateRole        2
  s3.amazonaws.com:DeleteBucket       1

Recent Sessions (1):
  SID     ROLE        ACCOUNT       TYPE  EVENTS  TIME
  cj6bhl  DeployRole  123456789012  CLI       30  3h ago

Accounts (1):
  ACCOUNT ID    NAME        LAST RELATED
  123456789012  production  2h ago

Roles (1):
  ROLE ARN                                   LAST RELATED
  arn:aws:iam::123456789012:role/DeployRole  2h ago

Services (1):
  EVENT SOURCE          LAST RELATED
  lambda.amazonaws.com  2h ago

Resources (1):
  RID     RESOURCE                ACCOUNT       LAST RELATED
  fyf7wf  lambda:function:worker  123456789012  2h ago
