RID     RESOURCE                         ACCOUNT       EVENTS  LAST SEEN             TYPE             DENIED  CLICKOPS  ROLES  SESSIONS
nnviqs  lambda:function:shared-function  123456789012      80  2026-07-24T11:00:00Z  lambda:function       2         3      2         5
6by4fu  lambda:function:shared-function  210987654321      40  2026-07-23T09:00:00Z  lambda:function       0         0      1         2
