worker
RID:            fyf7wfyglmgloz65
Identifier:     lambda:function:worker
ARN:            arn:aws:lambda:us-east-1:123456789012:function:worker
Type:           lambda:function
Name:           worker
Account:        123456789012
First Seen:     2026-07-01T08:00:00Z [23d ago]
Last Seen:      2026-07-24T09:45:00Z [2h ago]
Events:         80
Roles:          2
People:         1
Sessions:       4
Denied Events:  2
ClickOps:       3

Top Events (2):
  EVENT               COUNT
  Invoke                 68
  UpdateFunctionCode     12

⊘ Denied Events (calls AWS rejected):
  EVENT           DENIED
  DeleteFunction       2

Roles (1):
  ROLE ARN                                   LAST RELATED
  arn:aws:iam::123456789012:role/DeployRole  2h ago

Services (1):
  EVENT SOURCE          LAST RELATED
  lambda.amazonaws.com  2h ago

People (1):
  PID     PERSON         LAST RELATED
  5nmama  Alice Example  2h ago

Recent Sessions (1):
  SID     ROLE        CLIENT   ACCOUNT       TYPE  EVENTS  TIME
  cj6bhl  DeployRole  aws-cli  123456789012  WEB       12  3h ago

Console Operations (1):
  ACTOR          EVENT               COUNT  TIME    SID
  Alice Example  UpdateFunctionCode      3  2h ago  cj6bhl
