[1m[2mROLE ARN                                            EVENTS  DENIED  LAST SEEN[0m
[36marn:aws:iam::123456789012:role/AdministratorAccess[0m     420       [31m7[0m  2026-07-24T11:00:00Z
[36marn:aws:iam::123456789012:role/ReadOnly[0m                 88       [2m0[0m  2026-07-22T08:00:00Z
