lambda.amazonaws.com
Display Name:   AWS Lambda
Category:       Compute
First Seen:     2026-07-01T08:00:00Z [23d ago]
Last Seen:      2026-07-24T09:45:00Z [2h ago]
Total Events:   120
Roles:          2
Resources:      5
People:         1
Sessions:       4
Accounts:       1
Denied Events:  3

Top Events (2):
  EVENT               COUNT
  Invoke                 80
  UpdateFunctionCode     40

⊘ Denied Events (calls AWS rejected):
  EVENT           DENIED
  DeleteFunction       3

Roles (1):
  ROLE ARN                                   LAST RELATED
  arn:aws:iam::123456789012:role/DeployRole  2h ago

Resources (1):
  RID     RESOURCE                ACCOUNT       LAST RELATED
  fyf7wf  lambda:function:worker  123456789012  2h ago

Accounts (1):
  ACCOUNT ID    NAME        LAST RELATED
  123456789012  production  2h ago

People (1):
  PID     PERSON         LAST RELATED
  5nmama  Alice Example  2h ago

Recent Sessions (1):
  SID     ROLE        ACCOUNT       TYPE  EVENTS  TIME
  cj6bhl  DeployRole  123456789012  WEB       12  3h ago
