SID     WHEN    USER           ROLE                 ACCOUNT       EVENTS  CLIENT      SESSION NAME       TAGS                       POLICY  TYPE  DURATION  CHAINED
k7m2qp  3h ago  Alice Example  AdministratorAccess  123456789012      30  aws-cli +1  alice@example.com  Environment=production +1  yes     API        45m
q9w1e7  4h ago  idc#…#abcd     ReadOnly             123456789012       3  -           -                  -                          no      API         5m  ← assumed by cj6bhl
